audit_timestamp_utc=2026-09-12T16:59:24Z
host_os=Ubuntu 24.04.3 LTS
host_kernel=Linux 6.18.35 x86_64 GNU/Linux
host_arch=x86_64
container=docker
cpu_virtualization=
jdk_runtime=openjdk version "17.0.20" 2026-07-21
javac_launcher=UNAVAILABLE
jdk_compiler_module=javac 17.0.20
gradle=UNAVAILABLE
android_sdk_root=UNSET
build_tools=UNAVAILABLE
platform_tools=UNAVAILABLE
sdkmanager=UNAVAILABLE
avdmanager=UNAVAILABLE
adb=UNAVAILABLE
emulator=UNAVAILABLE
kvm_device=UNAVAILABLE
disk_workspace=overlay 32G 57M 30G 1% /
installed_sdk_packages=UNAVAILABLE
available_avds=UNAVAILABLE
audio_marker_path=/workspace/scratch/9b22d7f068c5/experiments/reliability-harness/build/audio-marker.wav
audio_marker_size=12044
audio_marker_sha256=b523254e10e300f6e556a2081b2623a13c10ec05cf0a8230282535f49be62477
BUILD_RESULT=PASS
E0_SUMMARY={"schema_version":1,"harness_version":"0.1.0","suite":"deterministic","result":"PASS","tests":72,"passed":72,"failed":0,"assertions":215,"property_seeds":[104729,130363,155921,196613,249439,314159,524287,786433,999983,15485863],"sequences_per_seed":0,"property_sequence_count":0,"duration_ms":139,"audio_marker_sha256":"b523254e10e300f6e556a2081b2623a13c10ec05cf0a8230282535f49be62477","failure_names":[]}
E0_SUMMARY={"schema_version":1,"harness_version":"0.1.0","suite":"property","result":"PASS","tests":10,"passed":10,"failed":0,"assertions":935554,"property_seeds":[104729,130363,155921,196613,249439,314159,524287,786433,999983,15485863],"sequences_per_seed":10000,"property_sequence_count":100000,"duration_ms":3714,"audio_marker_sha256":"b523254e10e300f6e556a2081b2623a13c10ec05cf0a8230282535f49be62477","failure_names":[]}
E0_RESULT=PASS
{"schema_version":1,"deterministic":{"schema_version":1,"harness_version":"0.1.0","suite":"deterministic","result":"PASS","tests":72,"passed":72,"failed":0,"assertions":215,"property_seeds":[104729,130363,155921,196613,249439,314159,524287,786433,999983,15485863],"sequences_per_seed":0,"property_sequence_count":0,"duration_ms":139,"audio_marker_sha256":"b523254e10e300f6e556a2081b2623a13c10ec05cf0a8230282535f49be62477","failure_names":[]},"property":{"schema_version":1,"harness_version":"0.1.0","suite":"property","result":"PASS","tests":10,"passed":10,"failed":0,"assertions":935554,"property_seeds":[104729,130363,155921,196613,249439,314159,524287,786433,999983,15485863],"sequences_per_seed":10000,"property_sequence_count":100000,"duration_ms":3714,"audio_marker_sha256":"b523254e10e300f6e556a2081b2623a13c10ec05cf0a8230282535f49be62477","failure_names":[]}}
PROVISION_RESULT=ENVIRONMENT_BLOCKED
PROVISION_REASON=SDKMANAGER_UNAVAILABLE
API=31
PROVISION_RESULT=ENVIRONMENT_BLOCKED
PROVISION_REASON=SDKMANAGER_UNAVAILABLE
API=34
PROVISION_RESULT=ENVIRONMENT_BLOCKED
PROVISION_REASON=SDKMANAGER_UNAVAILABLE
API=35
PROVISION_RESULT=ENVIRONMENT_BLOCKED
PROVISION_REASON=SDKMANAGER_UNAVAILABLE
API=36
PROVISION_RESULT=ENVIRONMENT_BLOCKED
PROVISION_REASON=SDKMANAGER_UNAVAILABLE
API=37
BASELINE_RESULT=E0_PASS/E1_CONDITIONAL
