audit_timestamp_utc=2026-09-12T16:59:24Z
host_os=Ubuntu 24.04.3 LTS
host_kernel=Linux 6.18.35 x86_64 GNU/Linux
host_arch=x86_64
container=docker
cpu_virtualization=
jdk_runtime=openjdk version "17.0.20" 2026-07-21
javac_launcher=UNAVAILABLE
jdk_compiler_module=javac 17.0.20
gradle=UNAVAILABLE
android_sdk_root=UNSET
build_tools=UNAVAILABLE
platform_tools=UNAVAILABLE
sdkmanager=UNAVAILABLE
avdmanager=UNAVAILABLE
adb=UNAVAILABLE
emulator=UNAVAILABLE
kvm_device=UNAVAILABLE
disk_workspace=overlay 32G 57M 30G 1% /
installed_sdk_packages=UNAVAILABLE
available_avds=UNAVAILABLE
