schema_version=1
audit_mode=local
audit_timestamp_utc=2026-09-12T17:37:25Z
host_os=Ubuntu 24.04.3 LTS
host_kernel=Linux 6.18.35 x86_64 GNU/Linux
host_arch=x86_64
cpu_count=9
memory_kib=16399700
workspace_disk=overlay 32G 58M 30G 1% /
github_actions=false
runner_environment=UNSET
runner_os=UNSET
runner_arch=UNSET
runner_image_os=UNSET
runner_image_version=UNSET
repository_visibility=UNSET
java=openjdk version "17.0.20" 2026-07-21
gradle=UNAVAILABLE
sdkmanager=UNAVAILABLE
avdmanager=UNAVAILABLE
adb=UNAVAILABLE
emulator=UNAVAILABLE
android_sdk_root=UNSET
dev_kvm=UNAVAILABLE
local_accelerated_available=NO
remote_accelerated_available=NO_CONFIGURED_ENDPOINT_OBSERVED
ci_accelerated_platform_capability=YES_GITHUB_HOSTED_LINUX_DOCUMENTED
ci_execution_binding=NO_AUTHORIZED_ALVORADA_REPOSITORY_OR_RUNNER
lab_route_result=LAB_BLOCKED
audit_exit_code=2
